[2026-07-23 11:13:28,829][httpx][INFO] - HTTP Request: HEAD https://huggingface.co/datasets/allenai/ai2_arc/resolve/main/README.md "HTTP/1.1 307 Temporary Redirect"
[2026-07-23 11:13:28,829][huggingface_hub.utils._http][WARNING] - Warning: You are sending unauthenticated requests to the HF Hub. Please set a HF_TOKEN to enable higher rate limits and faster downloads.
[2026-07-23 11:13:29,248][httpx][INFO] - HTTP Request: HEAD https://huggingface.co/api/resolve-cache/datasets/allenai/ai2_arc/210d026faf9955653af8916fad021475a3f00453/README.md "HTTP/1.1 200 OK"
[2026-07-23 11:13:29,664][httpx][INFO] - HTTP Request: HEAD https://huggingface.co/datasets/allenai/ai2_arc/resolve/210d026faf9955653af8916fad021475a3f00453/ai2_arc.py "HTTP/1.1 404 Not Found"
[2026-07-23 11:13:30,629][httpx][INFO] - HTTP Request: HEAD https://s3.amazonaws.com/datasets.huggingface.co/datasets/datasets/allenai/ai2_arc/allenai/ai2_arc.py "HTTP/1.1 404 Not Found"
[2026-07-23 11:13:30,903][httpx][INFO] - HTTP Request: GET https://huggingface.co/api/datasets/allenai/ai2_arc/revision/210d026faf9955653af8916fad021475a3f00453 "HTTP/1.1 200 OK"
[2026-07-23 11:13:31,180][httpx][INFO] - HTTP Request: HEAD https://huggingface.co/datasets/allenai/ai2_arc/resolve/210d026faf9955653af8916fad021475a3f00453/.huggingface.yaml "HTTP/1.1 404 Not Found"
[2026-07-23 11:13:31,806][httpx][INFO] - HTTP Request: GET https://datasets-server.huggingface.co/info?dataset=allenai/ai2_arc "HTTP/1.1 200 OK"
[2026-07-23 11:13:32,097][httpx][INFO] - HTTP Request: GET https://huggingface.co/api/datasets/allenai/ai2_arc/tree/210d026faf9955653af8916fad021475a3f00453/ARC-Challenge?recursive=true&expand=false "HTTP/1.1 200 OK"
[2026-07-23 11:13:32,364][httpx][INFO] - HTTP Request: GET https://huggingface.co/api/datasets/allenai/ai2_arc/tree/210d026faf9955653af8916fad021475a3f00453?recursive=false&expand=false "HTTP/1.1 200 OK"
[2026-07-23 11:13:32,664][httpx][INFO] - HTTP Request: HEAD https://huggingface.co/datasets/allenai/ai2_arc/resolve/210d026faf9955653af8916fad021475a3f00453/dataset_infos.json "HTTP/1.1 404 Not Found"
[2026-07-23 11:13:32,817][pytensor.configparser][INFO] - Suppressed KeyError in PyTensorConfigParser.add for parameter 'cxx'!
[2026-07-23 11:13:32,817][pytensor.configparser][INFO] - Suppressed KeyError in PyTensorConfigParser.add for parameter 'gcc_version_str'!
[2026-07-23 11:13:32,817][pytensor.configparser][INFO] - Suppressed KeyError in PyTensorConfigParser.add for parameter 'compile__timeout'!
[2026-07-23 11:13:32,818][pytensor.configparser][INFO] - Suppressed KeyError in PyTensorConfigParser.add for parameter 'DebugMode__check_c'!
[2026-07-23 11:13:32,818][pytensor.configparser][INFO] - Suppressed KeyError in PyTensorConfigParser.add for parameter 'compiledir'!
[2026-07-23 11:13:32,913][pytensor.configparser][INFO] - Suppressed KeyError in PyTensorConfigParser.add for parameter 'blas__ldflags'!
[2026-07-23 11:13:32,933][pytensor.configdefaults][WARNING] - g++ not available, if using conda: `conda install gxx`
[2026-07-23 11:13:33,635][arviz][INFO] - Found 'auto' as default backend, checking available backends
[2026-07-23 11:13:33,635][arviz][INFO] - Matplotlib is available, defining as default backend
[2026-07-23 11:13:34,097][arviz][INFO] - arviz_base 1.2.0 available, exposing its functions as part of the `arviz` namespace
[2026-07-23 11:13:34,265][arviz][INFO] - arviz_stats 1.2.0 available, exposing its functions as part of the `arviz` namespace
[2026-07-23 11:13:34,330][arviz][INFO] - arviz_plots 1.2.0 available, exposing its functions as part of the `arviz` namespace
[2026-07-23 11:13:34,571][pymc.sampling.mcmc][INFO] - Initializing NUTS using jitter+adapt_diag...
[2026-07-23 11:13:35,762][pymc.sampling.mcmc][INFO] - Multiprocess sampling (4 chains in 4 jobs)
[2026-07-23 11:13:35,762][pymc.sampling.mcmc][INFO] - NUTS: [alpha, beta]
[2026-07-23 11:14:33,868][pymc.sampling.mcmc][INFO] - Sampling 4 chains for 1_000 tune and 1_000 draw iterations (4_000 + 4_000 draws total) took 58 seconds.
[2026-07-23 11:14:34,013][pymc.sampling.mcmc][INFO] - Initializing NUTS using jitter+adapt_diag...
[2026-07-23 11:14:34,324][pymc.sampling.mcmc][INFO] - Multiprocess sampling (4 chains in 4 jobs)
[2026-07-23 11:14:34,324][pymc.sampling.mcmc][INFO] - NUTS: [alpha, beta]
[2026-07-23 11:15:29,450][pymc.sampling.mcmc][INFO] - Sampling 4 chains for 1_000 tune and 1_000 draw iterations (4_000 + 4_000 draws total) took 55 seconds.
[2026-07-23 11:15:29,562][pymc.sampling.mcmc][INFO] - Initializing NUTS using jitter+adapt_diag...
[2026-07-23 11:15:29,873][pymc.sampling.mcmc][INFO] - Multiprocess sampling (4 chains in 4 jobs)
[2026-07-23 11:15:29,873][pymc.sampling.mcmc][INFO] - NUTS: [alpha, beta]
[2026-07-23 11:16:25,222][pymc.sampling.mcmc][INFO] - Sampling 4 chains for 1_000 tune and 1_000 draw iterations (4_000 + 4_000 draws total) took 55 seconds.
[2026-07-23 11:16:25,266][pytensor.tensor.type][INFO] - numpy allclose failed for abs_err 6.658215184753647 and rel_err 1.0
[2026-07-23 11:16:25,267][pytensor.tensor.type][INFO] - numpy allclose failed for abs_err 6.658215184753647 and rel_err 1.0
[2026-07-23 11:16:25,267][pytensor.tensor.type][INFO] - numpy allclose failed for abs_err 6.658215184753647 and rel_err 1.0
[2026-07-23 11:16:25,271][pymc.sampling.forward][INFO] - Sampling: []
[2026-07-23 11:16:25,344][pytensor.tensor.type][INFO] - numpy allclose failed for abs_err 6.658215184753647 and rel_err 1.0
[2026-07-23 11:16:25,344][pytensor.tensor.type][INFO] - numpy allclose failed for abs_err 6.658215184753647 and rel_err 1.0
[2026-07-23 11:16:25,345][pytensor.tensor.type][INFO] - numpy allclose failed for abs_err 6.658215184753647 and rel_err 1.0
[2026-07-23 11:16:25,354][pymc.sampling.forward][INFO] - Sampling: []
[2026-07-23 11:16:25,417][pytensor.tensor.type][INFO] - numpy allclose failed for abs_err 4.985549886928608 and rel_err 1.0
[2026-07-23 11:16:25,417][pytensor.tensor.type][INFO] - numpy allclose failed for abs_err 4.985549886928608 and rel_err 1.0
[2026-07-23 11:16:25,418][pytensor.tensor.type][INFO] - numpy allclose failed for abs_err 4.985549886928608 and rel_err 1.0
[2026-07-23 11:16:25,429][pymc.sampling.forward][INFO] - Sampling: []
[2026-07-23 11:16:25,487][pytensor.tensor.type][INFO] - numpy allclose failed for abs_err 7.782544617039258 and rel_err 1.0
[2026-07-23 11:16:25,489][pytensor.tensor.type][INFO] - numpy allclose failed for abs_err 7.782544617039258 and rel_err 1.0
[2026-07-23 11:16:25,489][pytensor.tensor.type][INFO] - numpy allclose failed for abs_err 7.782544617039258 and rel_err 1.0
[2026-07-23 11:16:25,502][pymc.sampling.forward][INFO] - Sampling: []
[2026-07-23 11:16:25,778][pytensor.tensor.type][INFO] - numpy allclose failed for abs_err 6.608781563896828 and rel_err 1.0
[2026-07-23 11:16:25,778][pytensor.tensor.type][INFO] - numpy allclose failed for abs_err 6.608781563896828 and rel_err 1.0
[2026-07-23 11:16:25,793][pytensor.tensor.type][INFO] - numpy allclose failed for abs_err 6.608781563896828 and rel_err 1.0
[2026-07-23 11:16:25,804][pymc.sampling.forward][INFO] - Sampling: []
[2026-07-23 11:16:25,873][pytensor.tensor.type][INFO] - numpy allclose failed for abs_err 6.608781563896828 and rel_err 1.0
[2026-07-23 11:16:25,873][pytensor.tensor.type][INFO] - numpy allclose failed for abs_err 6.608781563896828 and rel_err 1.0
[2026-07-23 11:16:25,873][pytensor.tensor.type][INFO] - numpy allclose failed for abs_err 6.608781563896828 and rel_err 1.0
[2026-07-23 11:16:25,884][pymc.sampling.forward][INFO] - Sampling: []
[2026-07-23 11:16:25,955][pytensor.tensor.type][INFO] - numpy allclose failed for abs_err 6.007753809200336 and rel_err 1.0
[2026-07-23 11:16:25,956][pytensor.tensor.type][INFO] - numpy allclose failed for abs_err 6.007753809200336 and rel_err 1.0
[2026-07-23 11:16:25,956][pytensor.tensor.type][INFO] - numpy allclose failed for abs_err 6.007753809200336 and rel_err 1.0
[2026-07-23 11:16:25,967][pymc.sampling.forward][INFO] - Sampling: []
[2026-07-23 11:16:26,038][pytensor.tensor.type][INFO] - numpy allclose failed for abs_err 9.02529097018867 and rel_err 1.0
[2026-07-23 11:16:26,039][pytensor.tensor.type][INFO] - numpy allclose failed for abs_err 9.02529097018867 and rel_err 1.0
[2026-07-23 11:16:26,039][pytensor.tensor.type][INFO] - numpy allclose failed for abs_err 9.02529097018867 and rel_err 1.0
[2026-07-23 11:16:26,049][pymc.sampling.forward][INFO] - Sampling: []
[2026-07-23 11:16:26,344][pytensor.tensor.type][INFO] - numpy allclose failed for abs_err 6.643865664547196 and rel_err 1.0
[2026-07-23 11:16:26,344][pytensor.tensor.type][INFO] - numpy allclose failed for abs_err 6.643865664547196 and rel_err 1.0
[2026-07-23 11:16:26,344][pytensor.tensor.type][INFO] - numpy allclose failed for abs_err 6.643865664547196 and rel_err 1.0
[2026-07-23 11:16:26,364][pymc.sampling.forward][INFO] - Sampling: []
[2026-07-23 11:16:26,430][pytensor.tensor.type][INFO] - numpy allclose failed for abs_err 6.643865664547196 and rel_err 1.0
[2026-07-23 11:16:26,431][pytensor.tensor.type][INFO] - numpy allclose failed for abs_err 6.643865664547196 and rel_err 1.0
[2026-07-23 11:16:26,431][pytensor.tensor.type][INFO] - numpy allclose failed for abs_err 6.643865664547196 and rel_err 1.0
[2026-07-23 11:16:26,442][pymc.sampling.forward][INFO] - Sampling: []
[2026-07-23 11:16:26,498][pytensor.tensor.type][INFO] - numpy allclose failed for abs_err 6.738567074047138 and rel_err 1.0
[2026-07-23 11:16:26,498][pytensor.tensor.type][INFO] - numpy allclose failed for abs_err 6.738567074047138 and rel_err 1.0
[2026-07-23 11:16:26,498][pytensor.tensor.type][INFO] - numpy allclose failed for abs_err 6.738567074047138 and rel_err 1.0
[2026-07-23 11:16:26,514][pymc.sampling.forward][INFO] - Sampling: []
[2026-07-23 11:16:26,564][pytensor.tensor.type][INFO] - numpy allclose failed for abs_err 7.2747750122274875 and rel_err 1.0
[2026-07-23 11:16:26,564][pytensor.tensor.type][INFO] - numpy allclose failed for abs_err 7.2747750122274875 and rel_err 1.0
[2026-07-23 11:16:26,564][pytensor.tensor.type][INFO] - numpy allclose failed for abs_err 7.2747750122274875 and rel_err 1.0
[2026-07-23 11:16:26,587][pymc.sampling.forward][INFO] - Sampling: []
[2026-07-23 11:16:26,940][pytensor.tensor.type][INFO] - numpy allclose failed for abs_err 6.645575304573288 and rel_err 1.0
[2026-07-23 11:16:26,940][pytensor.tensor.type][INFO] - numpy allclose failed for abs_err 6.645575304573288 and rel_err 1.0
[2026-07-23 11:16:26,940][pytensor.tensor.type][INFO] - numpy allclose failed for abs_err 6.645575304573288 and rel_err 1.0
[2026-07-23 11:16:26,957][pymc.sampling.forward][INFO] - Sampling: []
[2026-07-23 11:16:27,019][pytensor.tensor.type][INFO] - numpy allclose failed for abs_err 6.645575304573288 and rel_err 1.0
[2026-07-23 11:16:27,019][pytensor.tensor.type][INFO] - numpy allclose failed for abs_err 6.645575304573288 and rel_err 1.0
[2026-07-23 11:16:27,020][pytensor.tensor.type][INFO] - numpy allclose failed for abs_err 6.645575304573288 and rel_err 1.0
[2026-07-23 11:16:27,029][pymc.sampling.forward][INFO] - Sampling: []
[2026-07-23 11:16:27,094][pytensor.tensor.type][INFO] - numpy allclose failed for abs_err 5.728443821178486 and rel_err 1.0
[2026-07-23 11:16:27,094][pytensor.tensor.type][INFO] - numpy allclose failed for abs_err 5.728443821178486 and rel_err 1.0
[2026-07-23 11:16:27,094][pytensor.tensor.type][INFO] - numpy allclose failed for abs_err 5.728443821178486 and rel_err 1.0
[2026-07-23 11:16:27,106][pymc.sampling.forward][INFO] - Sampling: []
[2026-07-23 11:16:27,163][pytensor.tensor.type][INFO] - numpy allclose failed for abs_err 7.2048825092786055 and rel_err 1.0
[2026-07-23 11:16:27,163][pytensor.tensor.type][INFO] - numpy allclose failed for abs_err 7.2048825092786055 and rel_err 1.0
[2026-07-23 11:16:27,164][pytensor.tensor.type][INFO] - numpy allclose failed for abs_err 7.2048825092786055 and rel_err 1.0
[2026-07-23 11:16:27,169][pymc.sampling.forward][INFO] - Sampling: []
[2026-07-23 11:16:27,621][pytensor.tensor.type][INFO] - numpy allclose failed for abs_err 6.640303392952195 and rel_err 1.0
[2026-07-23 11:16:27,621][pytensor.tensor.type][INFO] - numpy allclose failed for abs_err 6.640303392952195 and rel_err 1.0
[2026-07-23 11:16:27,621][pytensor.tensor.type][INFO] - numpy allclose failed for abs_err 6.640303392952195 and rel_err 1.0
[2026-07-23 11:16:27,646][pymc.sampling.forward][INFO] - Sampling: []
[2026-07-23 11:16:27,704][pytensor.tensor.type][INFO] - numpy allclose failed for abs_err 6.640303392952195 and rel_err 1.0
[2026-07-23 11:16:27,705][pytensor.tensor.type][INFO] - numpy allclose failed for abs_err 6.640303392952195 and rel_err 1.0
[2026-07-23 11:16:27,705][pytensor.tensor.type][INFO] - numpy allclose failed for abs_err 6.640303392952195 and rel_err 1.0
[2026-07-23 11:16:27,715][pymc.sampling.forward][INFO] - Sampling: []
[2026-07-23 11:16:27,772][pytensor.tensor.type][INFO] - numpy allclose failed for abs_err 4.980085912847614 and rel_err 1.0
[2026-07-23 11:16:27,772][pytensor.tensor.type][INFO] - numpy allclose failed for abs_err 4.980085912847614 and rel_err 1.0
[2026-07-23 11:16:27,774][pytensor.tensor.type][INFO] - numpy allclose failed for abs_err 4.980085912847614 and rel_err 1.0
[2026-07-23 11:16:27,785][pymc.sampling.forward][INFO] - Sampling: []
[2026-07-23 11:16:27,847][pytensor.tensor.type][INFO] - numpy allclose failed for abs_err 7.223299604464941 and rel_err 1.0
[2026-07-23 11:16:27,847][pytensor.tensor.type][INFO] - numpy allclose failed for abs_err 7.223299604464941 and rel_err 1.0
[2026-07-23 11:16:27,847][pytensor.tensor.type][INFO] - numpy allclose failed for abs_err 7.223299604464941 and rel_err 1.0
[2026-07-23 11:16:27,852][pymc.sampling.forward][INFO] - Sampling: []
[2026-07-23 11:16:28,364][pytensor.tensor.type][INFO] - numpy allclose failed for abs_err 6.805741749130653 and rel_err 1.0
[2026-07-23 11:16:28,364][pytensor.tensor.type][INFO] - numpy allclose failed for abs_err 6.805741749130653 and rel_err 1.0
[2026-07-23 11:16:28,364][pytensor.tensor.type][INFO] - numpy allclose failed for abs_err 6.805741749130653 and rel_err 1.0
[2026-07-23 11:16:28,386][pymc.sampling.forward][INFO] - Sampling: []
[2026-07-23 11:16:28,447][pytensor.tensor.type][INFO] - numpy allclose failed for abs_err 6.805741749130653 and rel_err 1.0
[2026-07-23 11:16:28,447][pytensor.tensor.type][INFO] - numpy allclose failed for abs_err 6.805741749130653 and rel_err 1.0
[2026-07-23 11:16:28,448][pytensor.tensor.type][INFO] - numpy allclose failed for abs_err 6.805741749130653 and rel_err 1.0
[2026-07-23 11:16:28,458][pymc.sampling.forward][INFO] - Sampling: []
[2026-07-23 11:16:28,529][pytensor.tensor.type][INFO] - numpy allclose failed for abs_err 5.906079371677448 and rel_err 1.0
[2026-07-23 11:16:28,529][pytensor.tensor.type][INFO] - numpy allclose failed for abs_err 5.906079371677448 and rel_err 1.0
[2026-07-23 11:16:28,529][pytensor.tensor.type][INFO] - numpy allclose failed for abs_err 5.906079371677448 and rel_err 1.0
[2026-07-23 11:16:28,544][pymc.sampling.forward][INFO] - Sampling: []
[2026-07-23 11:16:28,603][pytensor.tensor.type][INFO] - numpy allclose failed for abs_err 8.423925497511878 and rel_err 1.0
[2026-07-23 11:16:28,603][pytensor.tensor.type][INFO] - numpy allclose failed for abs_err 8.423925497511878 and rel_err 1.0
[2026-07-23 11:16:28,604][pytensor.tensor.type][INFO] - numpy allclose failed for abs_err 8.423925497511878 and rel_err 1.0
[2026-07-23 11:16:28,617][pymc.sampling.forward][INFO] - Sampling: []
[2026-07-23 11:16:29,194][pytensor.tensor.type][INFO] - numpy allclose failed for abs_err 6.5845861312338645 and rel_err 1.0
[2026-07-23 11:16:29,194][pytensor.tensor.type][INFO] - numpy allclose failed for abs_err 6.5845861312338645 and rel_err 1.0
[2026-07-23 11:16:29,194][pytensor.tensor.type][INFO] - numpy allclose failed for abs_err 6.5845861312338645 and rel_err 1.0
[2026-07-23 11:16:29,216][pymc.sampling.forward][INFO] - Sampling: []
[2026-07-23 11:16:29,285][pytensor.tensor.type][INFO] - numpy allclose failed for abs_err 6.5845861312338645 and rel_err 1.0
[2026-07-23 11:16:29,285][pytensor.tensor.type][INFO] - numpy allclose failed for abs_err 6.5845861312338645 and rel_err 1.0
[2026-07-23 11:16:29,286][pytensor.tensor.type][INFO] - numpy allclose failed for abs_err 6.5845861312338645 and rel_err 1.0
[2026-07-23 11:16:29,298][pymc.sampling.forward][INFO] - Sampling: []
[2026-07-23 11:16:29,363][pytensor.tensor.type][INFO] - numpy allclose failed for abs_err 5.432568748699238 and rel_err 1.0
[2026-07-23 11:16:29,364][pytensor.tensor.type][INFO] - numpy allclose failed for abs_err 5.432568748699238 and rel_err 1.0
[2026-07-23 11:16:29,364][pytensor.tensor.type][INFO] - numpy allclose failed for abs_err 5.432568748699238 and rel_err 1.0
[2026-07-23 11:16:29,376][pymc.sampling.forward][INFO] - Sampling: []
[2026-07-23 11:16:29,440][pytensor.tensor.type][INFO] - numpy allclose failed for abs_err 7.8441996359625 and rel_err 1.0
[2026-07-23 11:16:29,440][pytensor.tensor.type][INFO] - numpy allclose failed for abs_err 7.8441996359625 and rel_err 1.0
[2026-07-23 11:16:29,440][pytensor.tensor.type][INFO] - numpy allclose failed for abs_err 7.8441996359625 and rel_err 1.0
[2026-07-23 11:16:29,453][pymc.sampling.forward][INFO] - Sampling: []
[2026-07-23 11:16:30,094][pytensor.tensor.type][INFO] - numpy allclose failed for abs_err 6.798267743908332 and rel_err 1.0
[2026-07-23 11:16:30,094][pytensor.tensor.type][INFO] - numpy allclose failed for abs_err 6.798267743908332 and rel_err 1.0
[2026-07-23 11:16:30,095][pytensor.tensor.type][INFO] - numpy allclose failed for abs_err 6.798267743908332 and rel_err 1.0
[2026-07-23 11:16:30,106][pymc.sampling.forward][INFO] - Sampling: []
[2026-07-23 11:16:30,168][pytensor.tensor.type][INFO] - numpy allclose failed for abs_err 6.798267743908332 and rel_err 1.0
[2026-07-23 11:16:30,169][pytensor.tensor.type][INFO] - numpy allclose failed for abs_err 6.798267743908332 and rel_err 1.0
[2026-07-23 11:16:30,169][pytensor.tensor.type][INFO] - numpy allclose failed for abs_err 6.798267743908332 and rel_err 1.0
[2026-07-23 11:16:30,181][pymc.sampling.forward][INFO] - Sampling: []
[2026-07-23 11:16:30,230][pytensor.tensor.type][INFO] - numpy allclose failed for abs_err 5.238226373897602 and rel_err 1.0
[2026-07-23 11:16:30,230][pytensor.tensor.type][INFO] - numpy allclose failed for abs_err 5.238226373897602 and rel_err 1.0
[2026-07-23 11:16:30,230][pytensor.tensor.type][INFO] - numpy allclose failed for abs_err 5.238226373897602 and rel_err 1.0
[2026-07-23 11:16:30,253][pymc.sampling.forward][INFO] - Sampling: []
[2026-07-23 11:16:30,313][pytensor.tensor.type][INFO] - numpy allclose failed for abs_err 7.328363394389011 and rel_err 1.0
[2026-07-23 11:16:30,313][pytensor.tensor.type][INFO] - numpy allclose failed for abs_err 7.328363394389011 and rel_err 1.0
[2026-07-23 11:16:30,313][pytensor.tensor.type][INFO] - numpy allclose failed for abs_err 7.328363394389011 and rel_err 1.0
[2026-07-23 11:16:30,316][pymc.sampling.forward][INFO] - Sampling: []
[2026-07-23 11:16:31,037][pytensor.tensor.type][INFO] - numpy allclose failed for abs_err 6.67291333252739 and rel_err 1.0
[2026-07-23 11:16:31,037][pytensor.tensor.type][INFO] - numpy allclose failed for abs_err 6.67291333252739 and rel_err 1.0
[2026-07-23 11:16:31,039][pytensor.tensor.type][INFO] - numpy allclose failed for abs_err 6.67291333252739 and rel_err 1.0
[2026-07-23 11:16:31,053][pymc.sampling.forward][INFO] - Sampling: []
[2026-07-23 11:16:31,115][pytensor.tensor.type][INFO] - numpy allclose failed for abs_err 6.67291333252739 and rel_err 1.0
[2026-07-23 11:16:31,115][pytensor.tensor.type][INFO] - numpy allclose failed for abs_err 6.67291333252739 and rel_err 1.0
[2026-07-23 11:16:31,115][pytensor.tensor.type][INFO] - numpy allclose failed for abs_err 6.67291333252739 and rel_err 1.0
[2026-07-23 11:16:31,126][pymc.sampling.forward][INFO] - Sampling: []
[2026-07-23 11:16:31,185][pytensor.tensor.type][INFO] - numpy allclose failed for abs_err 5.599695046649982 and rel_err 1.0
[2026-07-23 11:16:31,185][pytensor.tensor.type][INFO] - numpy allclose failed for abs_err 5.599695046649982 and rel_err 1.0
[2026-07-23 11:16:31,185][pytensor.tensor.type][INFO] - numpy allclose failed for abs_err 5.599695046649982 and rel_err 1.0
[2026-07-23 11:16:31,202][pymc.sampling.forward][INFO] - Sampling: []
[2026-07-23 11:16:31,264][pytensor.tensor.type][INFO] - numpy allclose failed for abs_err 8.765808441618933 and rel_err 1.0
[2026-07-23 11:16:31,264][pytensor.tensor.type][INFO] - numpy allclose failed for abs_err 8.765808441618933 and rel_err 1.0
[2026-07-23 11:16:31,264][pytensor.tensor.type][INFO] - numpy allclose failed for abs_err 8.765808441618933 and rel_err 1.0
[2026-07-23 11:16:31,286][pymc.sampling.forward][INFO] - Sampling: []
