[2026-07-23 11:47:59,446][httpx][INFO] - HTTP Request: HEAD https://huggingface.co/datasets/allenai/ai2_arc/resolve/main/README.md "HTTP/1.1 307 Temporary Redirect"
[2026-07-23 11:47:59,447][huggingface_hub.utils._http][WARNING] - Warning: You are sending unauthenticated requests to the HF Hub. Please set a HF_TOKEN to enable higher rate limits and faster downloads.
[2026-07-23 11:47:59,762][httpx][INFO] - HTTP Request: HEAD https://huggingface.co/api/resolve-cache/datasets/allenai/ai2_arc/210d026faf9955653af8916fad021475a3f00453/README.md "HTTP/1.1 200 OK"
[2026-07-23 11:48:00,279][httpx][INFO] - HTTP Request: HEAD https://huggingface.co/datasets/allenai/ai2_arc/resolve/210d026faf9955653af8916fad021475a3f00453/ai2_arc.py "HTTP/1.1 404 Not Found"
[2026-07-23 11:48:01,861][httpx][INFO] - HTTP Request: HEAD https://s3.amazonaws.com/datasets.huggingface.co/datasets/datasets/allenai/ai2_arc/allenai/ai2_arc.py "HTTP/1.1 404 Not Found"
[2026-07-23 11:48:02,269][httpx][INFO] - HTTP Request: GET https://huggingface.co/api/datasets/allenai/ai2_arc/revision/210d026faf9955653af8916fad021475a3f00453 "HTTP/1.1 200 OK"
[2026-07-23 11:48:02,966][httpx][INFO] - HTTP Request: HEAD https://huggingface.co/datasets/allenai/ai2_arc/resolve/210d026faf9955653af8916fad021475a3f00453/.huggingface.yaml "HTTP/1.1 404 Not Found"
[2026-07-23 11:48:03,581][httpx][INFO] - HTTP Request: GET https://datasets-server.huggingface.co/info?dataset=allenai/ai2_arc "HTTP/1.1 200 OK"
[2026-07-23 11:48:03,860][httpx][INFO] - HTTP Request: GET https://huggingface.co/api/datasets/allenai/ai2_arc/tree/210d026faf9955653af8916fad021475a3f00453/ARC-Challenge?recursive=true&expand=false "HTTP/1.1 200 OK"
[2026-07-23 11:48:04,128][httpx][INFO] - HTTP Request: GET https://huggingface.co/api/datasets/allenai/ai2_arc/tree/210d026faf9955653af8916fad021475a3f00453?recursive=false&expand=false "HTTP/1.1 200 OK"
[2026-07-23 11:48:04,428][httpx][INFO] - HTTP Request: HEAD https://huggingface.co/datasets/allenai/ai2_arc/resolve/210d026faf9955653af8916fad021475a3f00453/dataset_infos.json "HTTP/1.1 404 Not Found"
[2026-07-23 11:48:04,604][pytensor.configparser][INFO] - Suppressed KeyError in PyTensorConfigParser.add for parameter 'cxx'!
[2026-07-23 11:48:04,605][pytensor.configparser][INFO] - Suppressed KeyError in PyTensorConfigParser.add for parameter 'gcc_version_str'!
[2026-07-23 11:48:04,605][pytensor.configparser][INFO] - Suppressed KeyError in PyTensorConfigParser.add for parameter 'compile__timeout'!
[2026-07-23 11:48:04,605][pytensor.configparser][INFO] - Suppressed KeyError in PyTensorConfigParser.add for parameter 'DebugMode__check_c'!
[2026-07-23 11:48:04,606][pytensor.configparser][INFO] - Suppressed KeyError in PyTensorConfigParser.add for parameter 'compiledir'!
[2026-07-23 11:48:04,709][pytensor.configparser][INFO] - Suppressed KeyError in PyTensorConfigParser.add for parameter 'blas__ldflags'!
[2026-07-23 11:48:04,729][pytensor.configdefaults][WARNING] - g++ not available, if using conda: `conda install gxx`
[2026-07-23 11:48:05,458][arviz][INFO] - Found 'auto' as default backend, checking available backends
[2026-07-23 11:48:05,458][arviz][INFO] - Matplotlib is available, defining as default backend
[2026-07-23 11:48:05,924][arviz][INFO] - arviz_base 1.2.0 available, exposing its functions as part of the `arviz` namespace
[2026-07-23 11:48:06,093][arviz][INFO] - arviz_stats 1.2.0 available, exposing its functions as part of the `arviz` namespace
[2026-07-23 11:48:06,156][arviz][INFO] - arviz_plots 1.2.0 available, exposing its functions as part of the `arviz` namespace
[2026-07-23 11:48:06,396][pymc.sampling.mcmc][INFO] - Initializing NUTS using jitter+adapt_diag...
[2026-07-23 11:48:07,585][pymc.sampling.mcmc][INFO] - Multiprocess sampling (4 chains in 4 jobs)
[2026-07-23 11:48:07,585][pymc.sampling.mcmc][INFO] - NUTS: [alpha, beta]
[2026-07-23 11:49:05,072][pymc.sampling.mcmc][INFO] - Sampling 4 chains for 1_000 tune and 1_000 draw iterations (4_000 + 4_000 draws total) took 57 seconds.
[2026-07-23 11:49:05,194][pymc.sampling.mcmc][INFO] - Initializing NUTS using jitter+adapt_diag...
[2026-07-23 11:49:05,501][pymc.sampling.mcmc][INFO] - Multiprocess sampling (4 chains in 4 jobs)
[2026-07-23 11:49:05,501][pymc.sampling.mcmc][INFO] - NUTS: [alpha, beta]
[2026-07-23 11:50:00,594][pymc.sampling.mcmc][INFO] - Sampling 4 chains for 1_000 tune and 1_000 draw iterations (4_000 + 4_000 draws total) took 55 seconds.
[2026-07-23 11:50:00,711][pymc.sampling.mcmc][INFO] - Initializing NUTS using jitter+adapt_diag...
[2026-07-23 11:50:01,021][pymc.sampling.mcmc][INFO] - Multiprocess sampling (4 chains in 4 jobs)
[2026-07-23 11:50:01,021][pymc.sampling.mcmc][INFO] - NUTS: [alpha, beta]
[2026-07-23 11:50:56,494][pymc.sampling.mcmc][INFO] - Sampling 4 chains for 1_000 tune and 1_000 draw iterations (4_000 + 4_000 draws total) took 55 seconds.
[2026-07-23 11:50:56,529][pytensor.tensor.type][INFO] - numpy allclose failed for abs_err 6.889084956966804 and rel_err 1.0
[2026-07-23 11:50:56,529][pytensor.tensor.type][INFO] - numpy allclose failed for abs_err 6.889084956966804 and rel_err 1.0
[2026-07-23 11:50:56,529][pytensor.tensor.type][INFO] - numpy allclose failed for abs_err 6.889084956966804 and rel_err 1.0
[2026-07-23 11:50:56,547][pymc.sampling.forward][INFO] - Sampling: []
[2026-07-23 11:50:56,612][pytensor.tensor.type][INFO] - numpy allclose failed for abs_err 6.889084956966804 and rel_err 1.0
[2026-07-23 11:50:56,613][pytensor.tensor.type][INFO] - numpy allclose failed for abs_err 6.889084956966804 and rel_err 1.0
[2026-07-23 11:50:56,613][pytensor.tensor.type][INFO] - numpy allclose failed for abs_err 6.889084956966804 and rel_err 1.0
[2026-07-23 11:50:56,625][pymc.sampling.forward][INFO] - Sampling: []
[2026-07-23 11:50:56,684][pytensor.tensor.type][INFO] - numpy allclose failed for abs_err 5.545268614994098 and rel_err 1.0
[2026-07-23 11:50:56,685][pytensor.tensor.type][INFO] - numpy allclose failed for abs_err 5.545268614994098 and rel_err 1.0
[2026-07-23 11:50:56,685][pytensor.tensor.type][INFO] - numpy allclose failed for abs_err 5.545268614994098 and rel_err 1.0
[2026-07-23 11:50:56,697][pymc.sampling.forward][INFO] - Sampling: []
[2026-07-23 11:50:56,770][pytensor.tensor.type][INFO] - numpy allclose failed for abs_err 7.627491239887768 and rel_err 1.0
[2026-07-23 11:50:56,770][pytensor.tensor.type][INFO] - numpy allclose failed for abs_err 7.627491239887768 and rel_err 1.0
[2026-07-23 11:50:56,771][pytensor.tensor.type][INFO] - numpy allclose failed for abs_err 7.627491239887768 and rel_err 1.0
[2026-07-23 11:50:56,782][pymc.sampling.forward][INFO] - Sampling: []
[2026-07-23 11:50:57,077][pytensor.tensor.type][INFO] - numpy allclose failed for abs_err 6.888358614765571 and rel_err 1.0
[2026-07-23 11:50:57,078][pytensor.tensor.type][INFO] - numpy allclose failed for abs_err 6.888358614765571 and rel_err 1.0
[2026-07-23 11:50:57,078][pytensor.tensor.type][INFO] - numpy allclose failed for abs_err 6.888358614765571 and rel_err 1.0
[2026-07-23 11:50:57,090][pymc.sampling.forward][INFO] - Sampling: []
[2026-07-23 11:50:57,149][pytensor.tensor.type][INFO] - numpy allclose failed for abs_err 6.888358614765571 and rel_err 1.0
[2026-07-23 11:50:57,149][pytensor.tensor.type][INFO] - numpy allclose failed for abs_err 6.888358614765571 and rel_err 1.0
[2026-07-23 11:50:57,149][pytensor.tensor.type][INFO] - numpy allclose failed for abs_err 6.888358614765571 and rel_err 1.0
[2026-07-23 11:50:57,161][pymc.sampling.forward][INFO] - Sampling: []
[2026-07-23 11:50:57,236][pytensor.tensor.type][INFO] - numpy allclose failed for abs_err 5.862777431713154 and rel_err 1.0
[2026-07-23 11:50:57,236][pytensor.tensor.type][INFO] - numpy allclose failed for abs_err 5.862777431713154 and rel_err 1.0
[2026-07-23 11:50:57,236][pytensor.tensor.type][INFO] - numpy allclose failed for abs_err 5.862777431713154 and rel_err 1.0
[2026-07-23 11:50:57,247][pymc.sampling.forward][INFO] - Sampling: []
[2026-07-23 11:50:57,320][pytensor.tensor.type][INFO] - numpy allclose failed for abs_err 8.478579048496776 and rel_err 1.0
[2026-07-23 11:50:57,321][pytensor.tensor.type][INFO] - numpy allclose failed for abs_err 8.478579048496776 and rel_err 1.0
[2026-07-23 11:50:57,322][pytensor.tensor.type][INFO] - numpy allclose failed for abs_err 8.478579048496776 and rel_err 1.0
[2026-07-23 11:50:57,333][pymc.sampling.forward][INFO] - Sampling: []
[2026-07-23 11:50:57,640][pytensor.tensor.type][INFO] - numpy allclose failed for abs_err 6.889678559624122 and rel_err 1.0
[2026-07-23 11:50:57,640][pytensor.tensor.type][INFO] - numpy allclose failed for abs_err 6.889678559624122 and rel_err 1.0
[2026-07-23 11:50:57,640][pytensor.tensor.type][INFO] - numpy allclose failed for abs_err 6.889678559624122 and rel_err 1.0
[2026-07-23 11:50:57,661][pymc.sampling.forward][INFO] - Sampling: []
[2026-07-23 11:50:57,721][pytensor.tensor.type][INFO] - numpy allclose failed for abs_err 6.889678559624122 and rel_err 1.0
[2026-07-23 11:50:57,721][pytensor.tensor.type][INFO] - numpy allclose failed for abs_err 6.889678559624122 and rel_err 1.0
[2026-07-23 11:50:57,722][pytensor.tensor.type][INFO] - numpy allclose failed for abs_err 6.889678559624122 and rel_err 1.0
[2026-07-23 11:50:57,735][pymc.sampling.forward][INFO] - Sampling: []
[2026-07-23 11:50:57,792][pytensor.tensor.type][INFO] - numpy allclose failed for abs_err 6.084403594242145 and rel_err 1.0
[2026-07-23 11:50:57,793][pytensor.tensor.type][INFO] - numpy allclose failed for abs_err 6.084403594242145 and rel_err 1.0
[2026-07-23 11:50:57,793][pytensor.tensor.type][INFO] - numpy allclose failed for abs_err 6.084403594242145 and rel_err 1.0
[2026-07-23 11:50:57,803][pymc.sampling.forward][INFO] - Sampling: []
[2026-07-23 11:50:57,859][pytensor.tensor.type][INFO] - numpy allclose failed for abs_err 7.161633237096262 and rel_err 1.0
[2026-07-23 11:50:57,859][pytensor.tensor.type][INFO] - numpy allclose failed for abs_err 7.161633237096262 and rel_err 1.0
[2026-07-23 11:50:57,860][pytensor.tensor.type][INFO] - numpy allclose failed for abs_err 7.161633237096262 and rel_err 1.0
[2026-07-23 11:50:57,871][pymc.sampling.forward][INFO] - Sampling: []
[2026-07-23 11:50:58,257][pytensor.tensor.type][INFO] - numpy allclose failed for abs_err 6.888691387497352 and rel_err 1.0
[2026-07-23 11:50:58,257][pytensor.tensor.type][INFO] - numpy allclose failed for abs_err 6.888691387497352 and rel_err 1.0
[2026-07-23 11:50:58,257][pytensor.tensor.type][INFO] - numpy allclose failed for abs_err 6.888691387497352 and rel_err 1.0
[2026-07-23 11:50:58,267][pymc.sampling.forward][INFO] - Sampling: []
[2026-07-23 11:50:58,331][pytensor.tensor.type][INFO] - numpy allclose failed for abs_err 6.888691387497352 and rel_err 1.0
[2026-07-23 11:50:58,331][pytensor.tensor.type][INFO] - numpy allclose failed for abs_err 6.888691387497352 and rel_err 1.0
[2026-07-23 11:50:58,332][pytensor.tensor.type][INFO] - numpy allclose failed for abs_err 6.888691387497352 and rel_err 1.0
[2026-07-23 11:50:58,344][pymc.sampling.forward][INFO] - Sampling: []
[2026-07-23 11:50:58,418][pytensor.tensor.type][INFO] - numpy allclose failed for abs_err 5.776294430004169 and rel_err 1.0
[2026-07-23 11:50:58,418][pytensor.tensor.type][INFO] - numpy allclose failed for abs_err 5.776294430004169 and rel_err 1.0
[2026-07-23 11:50:58,419][pytensor.tensor.type][INFO] - numpy allclose failed for abs_err 5.776294430004169 and rel_err 1.0
[2026-07-23 11:50:58,431][pymc.sampling.forward][INFO] - Sampling: []
[2026-07-23 11:50:58,499][pytensor.tensor.type][INFO] - numpy allclose failed for abs_err 7.207747627891998 and rel_err 1.0
[2026-07-23 11:50:58,499][pytensor.tensor.type][INFO] - numpy allclose failed for abs_err 7.207747627891998 and rel_err 1.0
[2026-07-23 11:50:58,500][pytensor.tensor.type][INFO] - numpy allclose failed for abs_err 7.207747627891998 and rel_err 1.0
[2026-07-23 11:50:58,511][pymc.sampling.forward][INFO] - Sampling: []
[2026-07-23 11:50:59,017][pytensor.tensor.type][INFO] - numpy allclose failed for abs_err 6.8894823411335215 and rel_err 1.0
[2026-07-23 11:50:59,017][pytensor.tensor.type][INFO] - numpy allclose failed for abs_err 6.8894823411335215 and rel_err 1.0
[2026-07-23 11:50:59,024][pytensor.tensor.type][INFO] - numpy allclose failed for abs_err 6.8894823411335215 and rel_err 1.0
[2026-07-23 11:50:59,035][pymc.sampling.forward][INFO] - Sampling: []
[2026-07-23 11:50:59,102][pytensor.tensor.type][INFO] - numpy allclose failed for abs_err 6.8894823411335215 and rel_err 1.0
[2026-07-23 11:50:59,103][pytensor.tensor.type][INFO] - numpy allclose failed for abs_err 6.8894823411335215 and rel_err 1.0
[2026-07-23 11:50:59,103][pytensor.tensor.type][INFO] - numpy allclose failed for abs_err 6.8894823411335215 and rel_err 1.0
[2026-07-23 11:50:59,115][pymc.sampling.forward][INFO] - Sampling: []
[2026-07-23 11:50:59,179][pytensor.tensor.type][INFO] - numpy allclose failed for abs_err 5.495930393444111 and rel_err 1.0
[2026-07-23 11:50:59,180][pytensor.tensor.type][INFO] - numpy allclose failed for abs_err 5.495930393444111 and rel_err 1.0
[2026-07-23 11:50:59,180][pytensor.tensor.type][INFO] - numpy allclose failed for abs_err 5.495930393444111 and rel_err 1.0
[2026-07-23 11:50:59,190][pymc.sampling.forward][INFO] - Sampling: []
[2026-07-23 11:50:59,244][pytensor.tensor.type][INFO] - numpy allclose failed for abs_err 6.561740976382666 and rel_err 1.0
[2026-07-23 11:50:59,245][pytensor.tensor.type][INFO] - numpy allclose failed for abs_err 6.561740976382666 and rel_err 1.0
[2026-07-23 11:50:59,245][pytensor.tensor.type][INFO] - numpy allclose failed for abs_err 6.561740976382666 and rel_err 1.0
[2026-07-23 11:50:59,257][pymc.sampling.forward][INFO] - Sampling: []
[2026-07-23 11:50:59,779][pytensor.tensor.type][INFO] - numpy allclose failed for abs_err 6.908448956333564 and rel_err 1.0
[2026-07-23 11:50:59,779][pytensor.tensor.type][INFO] - numpy allclose failed for abs_err 6.908448956333564 and rel_err 1.0
[2026-07-23 11:50:59,779][pytensor.tensor.type][INFO] - numpy allclose failed for abs_err 6.908448956333564 and rel_err 1.0
[2026-07-23 11:50:59,797][pymc.sampling.forward][INFO] - Sampling: []
[2026-07-23 11:50:59,859][pytensor.tensor.type][INFO] - numpy allclose failed for abs_err 6.908448956333564 and rel_err 1.0
[2026-07-23 11:50:59,860][pytensor.tensor.type][INFO] - numpy allclose failed for abs_err 6.908448956333564 and rel_err 1.0
[2026-07-23 11:50:59,861][pytensor.tensor.type][INFO] - numpy allclose failed for abs_err 6.908448956333564 and rel_err 1.0
[2026-07-23 11:50:59,872][pymc.sampling.forward][INFO] - Sampling: []
[2026-07-23 11:50:59,927][pytensor.tensor.type][INFO] - numpy allclose failed for abs_err 5.8313639957771795 and rel_err 1.0
[2026-07-23 11:50:59,927][pytensor.tensor.type][INFO] - numpy allclose failed for abs_err 5.8313639957771795 and rel_err 1.0
[2026-07-23 11:50:59,928][pytensor.tensor.type][INFO] - numpy allclose failed for abs_err 5.8313639957771795 and rel_err 1.0
[2026-07-23 11:50:59,938][pymc.sampling.forward][INFO] - Sampling: []
[2026-07-23 11:51:00,012][pytensor.tensor.type][INFO] - numpy allclose failed for abs_err 8.393666603545203 and rel_err 1.0
[2026-07-23 11:51:00,012][pytensor.tensor.type][INFO] - numpy allclose failed for abs_err 8.393666603545203 and rel_err 1.0
[2026-07-23 11:51:00,014][pytensor.tensor.type][INFO] - numpy allclose failed for abs_err 8.393666603545203 and rel_err 1.0
[2026-07-23 11:51:00,024][pymc.sampling.forward][INFO] - Sampling: []
[2026-07-23 11:51:00,634][pytensor.tensor.type][INFO] - numpy allclose failed for abs_err 6.888952813469337 and rel_err 1.0
[2026-07-23 11:51:00,634][pytensor.tensor.type][INFO] - numpy allclose failed for abs_err 6.888952813469337 and rel_err 1.0
[2026-07-23 11:51:00,634][pytensor.tensor.type][INFO] - numpy allclose failed for abs_err 6.888952813469337 and rel_err 1.0
[2026-07-23 11:51:00,649][pymc.sampling.forward][INFO] - Sampling: []
[2026-07-23 11:51:00,711][pytensor.tensor.type][INFO] - numpy allclose failed for abs_err 6.888952813469337 and rel_err 1.0
[2026-07-23 11:51:00,712][pytensor.tensor.type][INFO] - numpy allclose failed for abs_err 6.888952813469337 and rel_err 1.0
[2026-07-23 11:51:00,712][pytensor.tensor.type][INFO] - numpy allclose failed for abs_err 6.888952813469337 and rel_err 1.0
[2026-07-23 11:51:00,723][pymc.sampling.forward][INFO] - Sampling: []
[2026-07-23 11:51:00,778][pytensor.tensor.type][INFO] - numpy allclose failed for abs_err 5.684265096889545 and rel_err 1.0
[2026-07-23 11:51:00,778][pytensor.tensor.type][INFO] - numpy allclose failed for abs_err 5.684265096889545 and rel_err 1.0
[2026-07-23 11:51:00,778][pytensor.tensor.type][INFO] - numpy allclose failed for abs_err 5.684265096889545 and rel_err 1.0
[2026-07-23 11:51:00,802][pymc.sampling.forward][INFO] - Sampling: []
[2026-07-23 11:51:00,871][pytensor.tensor.type][INFO] - numpy allclose failed for abs_err 8.012336351851477 and rel_err 1.0
[2026-07-23 11:51:00,871][pytensor.tensor.type][INFO] - numpy allclose failed for abs_err 8.012336351851477 and rel_err 1.0
[2026-07-23 11:51:00,872][pytensor.tensor.type][INFO] - numpy allclose failed for abs_err 8.012336351851477 and rel_err 1.0
[2026-07-23 11:51:00,883][pymc.sampling.forward][INFO] - Sampling: []
[2026-07-23 11:51:01,579][pytensor.tensor.type][INFO] - numpy allclose failed for abs_err 6.90826692374842 and rel_err 1.0
[2026-07-23 11:51:01,579][pytensor.tensor.type][INFO] - numpy allclose failed for abs_err 6.90826692374842 and rel_err 1.0
[2026-07-23 11:51:01,582][pytensor.tensor.type][INFO] - numpy allclose failed for abs_err 6.90826692374842 and rel_err 1.0
[2026-07-23 11:51:01,594][pymc.sampling.forward][INFO] - Sampling: []
[2026-07-23 11:51:01,657][pytensor.tensor.type][INFO] - numpy allclose failed for abs_err 6.90826692374842 and rel_err 1.0
[2026-07-23 11:51:01,657][pytensor.tensor.type][INFO] - numpy allclose failed for abs_err 6.90826692374842 and rel_err 1.0
[2026-07-23 11:51:01,657][pytensor.tensor.type][INFO] - numpy allclose failed for abs_err 6.90826692374842 and rel_err 1.0
[2026-07-23 11:51:01,671][pymc.sampling.forward][INFO] - Sampling: []
[2026-07-23 11:51:01,727][pytensor.tensor.type][INFO] - numpy allclose failed for abs_err 5.623773415790607 and rel_err 1.0
[2026-07-23 11:51:01,727][pytensor.tensor.type][INFO] - numpy allclose failed for abs_err 5.623773415790607 and rel_err 1.0
[2026-07-23 11:51:01,727][pytensor.tensor.type][INFO] - numpy allclose failed for abs_err 5.623773415790607 and rel_err 1.0
[2026-07-23 11:51:01,738][pymc.sampling.forward][INFO] - Sampling: []
[2026-07-23 11:51:01,798][pytensor.tensor.type][INFO] - numpy allclose failed for abs_err 7.163164353022434 and rel_err 1.0
[2026-07-23 11:51:01,798][pytensor.tensor.type][INFO] - numpy allclose failed for abs_err 7.163164353022434 and rel_err 1.0
[2026-07-23 11:51:01,798][pytensor.tensor.type][INFO] - numpy allclose failed for abs_err 7.163164353022434 and rel_err 1.0
[2026-07-23 11:51:01,811][pymc.sampling.forward][INFO] - Sampling: []
[2026-07-23 11:51:02,553][pytensor.tensor.type][INFO] - numpy allclose failed for abs_err 6.8897734502186045 and rel_err 1.0
[2026-07-23 11:51:02,555][pytensor.tensor.type][INFO] - numpy allclose failed for abs_err 6.8897734502186045 and rel_err 1.0
[2026-07-23 11:51:02,555][pytensor.tensor.type][INFO] - numpy allclose failed for abs_err 6.8897734502186045 and rel_err 1.0
[2026-07-23 11:51:02,569][pymc.sampling.forward][INFO] - Sampling: []
[2026-07-23 11:51:02,632][pytensor.tensor.type][INFO] - numpy allclose failed for abs_err 6.8897734502186045 and rel_err 1.0
[2026-07-23 11:51:02,632][pytensor.tensor.type][INFO] - numpy allclose failed for abs_err 6.8897734502186045 and rel_err 1.0
[2026-07-23 11:51:02,634][pytensor.tensor.type][INFO] - numpy allclose failed for abs_err 6.8897734502186045 and rel_err 1.0
[2026-07-23 11:51:02,647][pymc.sampling.forward][INFO] - Sampling: []
[2026-07-23 11:51:02,696][pytensor.tensor.type][INFO] - numpy allclose failed for abs_err 5.736277421222736 and rel_err 1.0
[2026-07-23 11:51:02,696][pytensor.tensor.type][INFO] - numpy allclose failed for abs_err 5.736277421222736 and rel_err 1.0
[2026-07-23 11:51:02,708][pytensor.tensor.type][INFO] - numpy allclose failed for abs_err 5.736277421222736 and rel_err 1.0
[2026-07-23 11:51:02,718][pymc.sampling.forward][INFO] - Sampling: []
[2026-07-23 11:51:02,778][pytensor.tensor.type][INFO] - numpy allclose failed for abs_err 8.624112465361609 and rel_err 1.0
[2026-07-23 11:51:02,778][pytensor.tensor.type][INFO] - numpy allclose failed for abs_err 8.624112465361609 and rel_err 1.0
[2026-07-23 11:51:02,778][pytensor.tensor.type][INFO] - numpy allclose failed for abs_err 8.624112465361609 and rel_err 1.0
[2026-07-23 11:51:02,791][pymc.sampling.forward][INFO] - Sampling: []
